Removed Pin From Net: NetName=GND Pin=Liquid-1
Removed Pin From Net: NetName=LIQ Pin=Liquid-2
Removed Pin From Net: NetName=5V Pin=Liquid-3
Removed Member From Class: ClassName=LPCOSensor3vValve Member=Liquid
Added Component: Designator=GAS(HDR1X4)
Add component (AddParameter): Name = "LatestRevisionDate"; Value = "17-Jul-2002"; VariantName = "[No Variations]"
Add component (AddParameter): Name = "LatestRevisionNote"; Value = "Re-released for DXP Platform."; VariantName = "[No Variations]"
Add component (AddParameter): Name = "Publisher"; Value = "Altium Limited"; VariantName = "[No Variations]"
Added Component: Designator=JST1(B3BXHALFSN)
Add component (AddParameter): Name = "Arrow Part Number"; Value = "B3B-XH-A(LF)(SN)"; VariantName = "[No Variations]"
Add component (AddParameter): Name = "Arrow Price/Stock"; Value = "https://www.arrow.com/en/products/b3b-xh-a-lf-sn_1/jst-manufacturing.html?utm_currency=USD&region=europe"; VariantName = "[No Variations]"
Add component (AddParameter): Name = "Datasheet Link"; Value = "https://datasheet.lcsc.com/szlcsc/1812131720_JST-Sales-America-B3B-XH-A-LF-SN_C144394.pdf"; VariantName = "[No Variations]"
Add component (AddParameter): Name = "Height"; Value = "7mm"; VariantName = "[No Variations]"
Add component (AddParameter): Name = "Manufacturer_Name"; Value = "JST (JAPAN SOLDERLESS TERMINALS)"; VariantName = "[No Variations]"
Add component (AddParameter): Name = "Manufacturer_Part_Number"; Value = "B3B-XH-A(LF)(SN)"; VariantName = "[No Variations]"
Add component (AddParameter): Name = "Mouser Part Number"; Value = "306-B3BXHALFSNP"; VariantName = "[No Variations]"
Add component (AddParameter): Name = "Mouser Price/Stock"; Value = "https://www.mouser.co.uk/ProductDetail/JST-Commercial/B3B-XH-ALFSN?qs=cdbOS8ANM9BVkoboCCIEMQ%3D%3D"; VariantName = "[No Variations]"
Added Pin To Net: NetName=GND Pin=GAS-1
Added Pin To Net: NetName=5V Pin=GAS-2
Added Pin To Net: NetName=I2C1_SCL Pin=GAS-3
Added Pin To Net: NetName=I2C1_SDA Pin=GAS-4
Added Pin To Net: NetName=5V Pin=JST1-1
Added Pin To Net: NetName=LIQ Pin=JST1-2
Added Pin To Net: NetName=GND Pin=JST1-3
Added Member To Class: ClassName=LPCOSensor3vValve Member=Component GAS Header I2C
Added Member To Class: ClassName=LPCOSensor3vValve Member=Component JST1 B3B-XH-A_LF__SN_
