Removed Pin From Net: NetName=3V3 Pin=C_TMP-1
Removed Pin From Net: NetName=GND Pin=C_TMP-2
Removed Pin From Net: NetName=GND Pin=FIRE_EXTI-1
Removed Pin From Net: NetName=EXT_CTRL Pin=FIRE_EXTI-2
Removed Pin From Net: NetName=I2C_SCL Pin=IC4-1
Removed Pin From Net: NetName=GND Pin=IC4-2
Removed Pin From Net: NetName=GND Pin=IC4-3
Removed Pin From Net: NetName=3V3 Pin=IC4-4
Removed Pin From Net: NetName=GND Pin=IC4-5
Removed Pin From Net: NetName=I2C_SDA Pin=IC4-6
Removed Pin From Net: NetName=3V3 Pin=R_TMP_PP1-1
Removed Pin From Net: NetName=I2C_SCL Pin=R_TMP_PP1-2
Removed Pin From Net: NetName=3V3 Pin=R_TMP_PP2-1
Removed Pin From Net: NetName=I2C_SDA Pin=R_TMP_PP2-2
Removed Member From Class: ClassName=LPCOSensor3vValve Member=C_TMP
Removed Member From Class: ClassName=LPCOSensor3vValve Member=FIRE_EXTI
Removed Member From Class: ClassName=LPCOSensor3vValve Member=IC4
Change Component Footprint: Designator=FB_PWR Old Footprint=WE-CBF_0805_L2W1.2H0.9_HC New Footprint=WE-CBF_0805_L2W1.2H0.9_HC
Added Component: Designator=FHD1(HDR1X3)
Add component (AddParameter): Name = "LatestRevisionDate"; Value = "17-Jul-2002"; VariantName = "[No Variations]"
Add component (AddParameter): Name = "LatestRevisionNote"; Value = "Re-released for DXP Platform."; VariantName = "[No Variations]"
Add component (AddParameter): Name = "Publisher"; Value = "Altium Limited"; VariantName = "[No Variations]"
Added Component: Designator=FHD2(HDR1X3)
Add component (AddParameter): Name = "LatestRevisionDate"; Value = "17-Jul-2002"; VariantName = "[No Variations]"
Add component (AddParameter): Name = "LatestRevisionNote"; Value = "Re-released for DXP Platform."; VariantName = "[No Variations]"
Add component (AddParameter): Name = "Publisher"; Value = "Altium Limited"; VariantName = "[No Variations]"
Added Component: Designator=FIRE_EXTINGUISHER(KF1282542P)
Add component (AddParameter): Name = "Arrow Part Number"; Value = ""; VariantName = "[No Variations]"
Add component (AddParameter): Name = "Arrow Price/Stock"; Value = ""; VariantName = "[No Variations]"
Add component (AddParameter): Name = "Datasheet Link"; Value = "https://jirorwxhqiillo5p.ldycdn.com/KF128-2.54-aidqpBpqKirRliSqmrqirlki.pdf"; VariantName = "[No Variations]"
Add component (AddParameter): Name = "Height"; Value = "9.1mm"; VariantName = "[No Variations]"
Add component (AddParameter): Name = "Manufacturer_Name"; Value = "CIXI KEFA ELECTRONICS"; VariantName = "[No Variations]"
Add component (AddParameter): Name = "Manufacturer_Part_Number"; Value = "KF128-2.54-2P"; VariantName = "[No Variations]"
Add component (AddParameter): Name = "Mouser Part Number"; Value = ""; VariantName = "[No Variations]"
Add component (AddParameter): Name = "Mouser Price/Stock"; Value = ""; VariantName = "[No Variations]"
Added Pin To Net: NetName=GND Pin=FHD1-2
Added Pin To Net: NetName=GND Pin=FHD1-3
Added Pin To Net: NetName=3V3 Pin=FHD2-1
Added Pin To Net: NetName=GND Pin=FHD2-2
Added Pin To Net: NetName=GND Pin=FIRE_EXTINGUISHER-1
Added Pin To Net: NetName=EXT_CTRL Pin=FIRE_EXTINGUISHER-2
Added Pin To Net: NetName=3V3 Pin=R_TMP_PP1-2
Added Pin To Net: NetName=3V3 Pin=R_TMP_PP2-2
Added Pin To Net: NetName=NetFHD1_1 Pin=FHD1-1
Added Pin To Net: NetName=NetFHD1_1 Pin=R_TMP_PP1-1
Added Net: Name=NetFHD1_1
Added Pin To Net: NetName=NetFHD2_3 Pin=FHD2-3
Added Pin To Net: NetName=NetFHD2_3 Pin=R_TMP_PP2-1
Added Net: Name=NetFHD2_3
Added Member To Class: ClassName=LPCOSensor3vValve Member=Component FHD1 Header 3
Added Member To Class: ClassName=LPCOSensor3vValve Member=Component FHD2 Header 3
Added Member To Class: ClassName=LPCOSensor3vValve Member=Component FIRE_EXTINGUISHER KF128-2.54-2P
Added Room: Name=LPCOSensor3vValve
