Removed Pin From Net: NetName=GND Pin=C_AMP1-1
Removed Pin From Net: NetName=GND Pin=C_AMP2-1
Removed Pin From Net: NetName=GND Pin=C_AMP4-2
Removed Pin From Net: NetName=GND Pin=C_SENSOR1-1
Removed Pin From Net: NetName=GND Pin=C_SENSOR2-1
Removed Pin From Net: NetName=GND Pin=IC1-2
Removed Pin From Net: NetName=GND Pin=IC1-3
Removed Pin From Net: NetName=3V3 Pin=IC1-5
Removed Pin From Net: NetName=GND Pin=Q2-1
Removed Pin From Net: NetName=3V3 Pin=R_PP1-2
Removed Member From Class: ClassName=LPCOSensor3vValve Member=C_AMP1
Removed Member From Class: ClassName=LPCOSensor3vValve Member=C_AMP2
Removed Member From Class: ClassName=LPCOSensor3vValve Member=C_AMP3
Removed Member From Class: ClassName=LPCOSensor3vValve Member=C_AMP4
Removed Member From Class: ClassName=LPCOSensor3vValve Member=C_SENSOR1
Removed Member From Class: ClassName=LPCOSensor3vValve Member=C_SENSOR2
Removed Member From Class: ClassName=LPCOSensor3vValve Member=IC1
Removed Member From Class: ClassName=LPCOSensor3vValve Member=Q1
Removed Member From Class: ClassName=LPCOSensor3vValve Member=Q2
Removed Member From Class: ClassName=LPCOSensor3vValve Member=R_AMP1
Removed Member From Class: ClassName=LPCOSensor3vValve Member=R_AMP2
Removed Member From Class: ClassName=LPCOSensor3vValve Member=R_PP1
Removed Member From Class: ClassName=LPCOSensor3vValve Member=R_PP2
Removed Member From Class: ClassName=LPCOSensor3vValve Member=SS1
Removed Member From Class: ClassName=LPCOSensor3vValve Member=TP_CO_OUT
Added Component: Designator=BLE(HDR1X4)
Add component (AddParameter): Name = "LatestRevisionDate"; Value = "17-Jul-2002"; VariantName = "[No Variations]"
Add component (AddParameter): Name = "LatestRevisionNote"; Value = "Re-released for DXP Platform."; VariantName = "[No Variations]"
Add component (AddParameter): Name = "Publisher"; Value = "Altium Limited"; VariantName = "[No Variations]"
Added Component: Designator=IC4(SOIC127P600X175-8N)
Add component (AddParameter): Name = "Arrow Part Number"; Value = "MAX31855JASA+"; VariantName = "[No Variations]"
Add component (AddParameter): Name = "Arrow Price/Stock"; Value = "https://www.arrow.com/en/products/max31855jasa/analog-devices?utm_currency=USD&region=nac"; VariantName = "[No Variations]"
Add component (AddParameter): Name = "Datasheet Link"; Value = "https://datasheets.maximintegrated.com/en/ds/MAX31855.pdf"; VariantName = "[No Variations]"
Add component (AddParameter): Name = "Height"; Value = "1.75mm"; VariantName = "[No Variations]"
Add component (AddParameter): Name = "Manufacturer_Name"; Value = "Analog Devices"; VariantName = "[No Variations]"
Add component (AddParameter): Name = "Manufacturer_Part_Number"; Value = "MAX31855JASA+"; VariantName = "[No Variations]"
Add component (AddParameter): Name = "Mouser Part Number"; Value = "700-MAX31855JASA+"; VariantName = "[No Variations]"
Add component (AddParameter): Name = "Mouser Price/Stock"; Value = "https://www.mouser.co.uk/ProductDetail/Analog-Devices-Maxim-Integrated/MAX31855JASA%2b?qs=4Rc5iGDDRGgfomCSqMwnEw%3D%3D"; VariantName = "[No Variations]"
Add Component: Footprint Not Found PCC_SMP_CV_K
Added Pin To Net: NetName=GND Pin=BLE-1
Added Pin To Net: NetName=UART2_RX Pin=BLE-2
Added Pin To Net: NetName=UART2_TX Pin=BLE-3
Added Pin To Net: NetName=3V3 Pin=BLE-4
Added Pin To Net: NetName=GND Pin=IC4-1
Added Pin To Net: NetName=T- Pin=IC4-2
Added Pin To Net: NetName=T+ Pin=IC4-3
Added Pin To Net: NetName=3V3 Pin=IC4-4
Added Pin To Net: NetName=SPI1_SCK Pin=IC4-5
Added Pin To Net: NetName=SPI1_MISO Pin=IC4-7
Add Pin To Net: Unknown Pin: Pin THERMO_K2-0
Add Pin To Net: Unknown Pin: Pin THERMO_K2-1
Added Pin To Net: NetName=SPI1_CS2 Pin=IC4-6
Added Pin To Net: NetName=SPI1_CS2 Pin=MCU1-6
Added Net: Name=SPI1_CS2
Added Member To Class: ClassName=LPCOSensor3vValve Member=Component BLE Header BLE
Added Member To Class: ClassName=LPCOSensor3vValve Member=Component IC4 MAX31855JASA+
Add Class Member: Failed to add class member : Component THERMO_K2 PCC-SMP-CV-K
