Added Component: Designator=C_FILTER1(CAPC2013X88X50LL20T25)
Add component (AddParameter): Name = "Manufacturer"; Value = "Kemet"; VariantName = "[No Variations]"
Add component (AddParameter): Name = "Part Number"; Value = "C0805C104K5RALTU"; VariantName = "[No Variations]"
Added Component: Designator=R_BLEED1(RESC0805(2012)_L)
Add component (AddParameter): Name = "Case-EIA"; Value = "0805"; VariantName = "[No Variations]"
Add component (AddParameter): Name = "Case-Metric"; Value = "2012"; VariantName = "[No Variations]"
Add component (AddParameter): Name = "Power"; Value = "0.125 W"; VariantName = "[No Variations]"
Add component (AddParameter): Name = "Technology"; Value = "SMT"; VariantName = "[No Variations]"
Add component (AddParameter): Name = "Tolerance"; Value = "5 %"; VariantName = "[No Variations]"
Add component (AddParameter): Name = "Value"; Value = "10000.00 Ohm"; VariantName = "[No Variations]"
Added Component: Designator=R_PP1(RESC0805(2012)_L)
Add component (AddParameter): Name = "Case-EIA"; Value = "0805"; VariantName = "[No Variations]"
Add component (AddParameter): Name = "Case-Metric"; Value = "2012"; VariantName = "[No Variations]"
Add component (AddParameter): Name = "Power"; Value = "0.125 W"; VariantName = "[No Variations]"
Add component (AddParameter): Name = "Technology"; Value = "SMT"; VariantName = "[No Variations]"
Add component (AddParameter): Name = "Tolerance"; Value = "5 %"; VariantName = "[No Variations]"
Add component (AddParameter): Name = "Value"; Value = "10000.00 Ohm"; VariantName = "[No Variations]"
Added Pin To Net: NetName=FIRE_EXT_FET Pin=C_FILTER1-1
Added Pin To Net: NetName=GND Pin=C_FILTER1-2
Added Pin To Net: NetName=5V Pin=R_BLEED1-1
Added Pin To Net: NetName=GND Pin=R_BLEED1-2
Added Pin To Net: NetName=5V Pin=R_PP1-1
Added Pin To Net: NetName=NetFIRE_EXTINGUISHER_1 Pin=R_PP1-2
Added Member To Class: ClassName=LPCOSensor3vValve Member=Component C_FILTER1 C0805C104K5RALTU
Added Member To Class: ClassName=LPCOSensor3vValve Member=Component R_BLEED1 10K 5% 0805(2012)
Added Member To Class: ClassName=LPCOSensor3vValve Member=Component R_PP1 10K 5% 0805(2012)
