Removed Pin From Net: NetName=GND Pin=FHD1-2
Removed Pin From Net: NetName=GND Pin=FHD1-3
Removed Pin From Net: NetName=3V3 Pin=FHD2-1
Removed Pin From Net: NetName=GND Pin=FHD2-2
Removed Pin From Net: NetName=GND Pin=IC2-1
Removed Pin From Net: NetName=GND Pin=IC2-2
Removed Pin From Net: NetName=GND Pin=IC2-6
Removed Pin From Net: NetName=3V3HC Pin=IC2-7
Removed Pin From Net: NetName=3V3HC Pin=IC2-8
Removed Pin From Net: NetName=UART2_TX Pin=MCU1-8
Removed Pin From Net: NetName=CO_OUT Pin=MCU1-11
Removed Pin From Net: NetName=3V3 Pin=R_TMP_PP1-2
Removed Pin From Net: NetName=3V3 Pin=R_TMP_PP2-2
Removed Member From Class: ClassName=LPCOSensor3vValve Member=FHD1
Removed Member From Class: ClassName=LPCOSensor3vValve Member=FHD2
Removed Member From Class: ClassName=LPCOSensor3vValve Member=IC2
Removed Member From Class: ClassName=LPCOSensor3vValve Member=R_TMP_PP1
Removed Member From Class: ClassName=LPCOSensor3vValve Member=R_TMP_PP2
Change Component Designator: OldDesignator=BT3V NewDesignator=BT9V
Change Component Designator: OldDesignator=IC? NewDesignator=IC3
Change Component Designator: OldDesignator=J? NewDesignator=CONN1
Added Component: Designator=R_BATT_1(RESC2013X60X40ML20T25)
Add component (AddParameter): Name = "Manufacturer"; Value = "Panasonic"; VariantName = "[No Variations]"
Add component (AddParameter): Name = "Part Number"; Value = "ERA6AEB123V"; VariantName = "[No Variations]"
Added Component: Designator=R_BATT_2(RESC2013X60X40ML20T25)
Add component (AddParameter): Name = "Manufacturer"; Value = "Panasonic"; VariantName = "[No Variations]"
Add component (AddParameter): Name = "Part Number"; Value = "ERA6AEB123V"; VariantName = "[No Variations]"
Added Pin To Net: NetName=GND Pin=IC3-1
Added Pin To Net: NetName=3V3 Pin=IC3-4
Added Pin To Net: NetName=UART2_TX Pin=MCU1-17
Added Pin To Net: NetName=VBAT Pin=R_BATT_1-2
Added Pin To Net: NetName=GND Pin=R_BATT_2-1
Change Net Name : Old Net Name=NetBT3V_2 New Net Name=NetBT9V_2
Added Pin To Net: NetName=ADC_BATT Pin=MCU1-8
Added Pin To Net: NetName=ADC_BATT Pin=R_BATT_1-1
Added Pin To Net: NetName=ADC_BATT Pin=R_BATT_2-2
Added Net: Name=ADC_BATT
Added Pin To Net: NetName=NetCONN1_1 Pin=CONN1-1
Added Pin To Net: NetName=NetCONN1_1 Pin=IC3-3
Added Net: Name=NetCONN1_1
Added Pin To Net: NetName=NetCONN1_2 Pin=CONN1-2
Added Pin To Net: NetName=NetCONN1_2 Pin=IC3-2
Added Net: Name=NetCONN1_2
Added Pin To Net: NetName=SPI1_CS1 Pin=IC3-6
Added Pin To Net: NetName=SPI1_CS1 Pin=MCU1-13
Added Net: Name=SPI1_CS1
Added Pin To Net: NetName=SPI1_MISO Pin=IC3-7
Added Pin To Net: NetName=SPI1_MISO Pin=MCU1-12
Added Net: Name=SPI1_MISO
Added Pin To Net: NetName=SPI1_SCK Pin=IC3-5
Added Pin To Net: NetName=SPI1_SCK Pin=MCU1-11
Added Net: Name=SPI1_SCK
Added Member To Class: ClassName=LPCOSensor3vValve Member=Component R_BATT_1 2.55M
Added Member To Class: ClassName=LPCOSensor3vValve Member=Component R_BATT_2 2.55M
Added Room: Name=LPCOSensor3vValve
