Removed Pin From Net: NetName=GND Pin=BLE-1
Removed Pin From Net: NetName=3V3 Pin=BLE-4
Removed Pin From Net: NetName=GND Pin=C_PWR1-2
Removed Pin From Net: NetName=3V3 Pin=C_PWR2-1
Removed Pin From Net: NetName=3V3 Pin=C_PWR4-2
Removed Pin From Net: NetName=GND Pin=C_RST1-1
Removed Pin From Net: NetName=3V3 Pin=FB_VDDA-2
Removed Pin From Net: NetName=GND Pin=Liquid-1
Removed Pin From Net: NetName=SPI1_CS2 Pin=MCU1-6
Removed Pin From Net: NetName=SPI1_SCK Pin=MCU1-11
Removed Pin From Net: NetName=SPI1_MISO Pin=MCU1-12
Removed Pin From Net: NetName=SPI1_CS1 Pin=MCU1-13
Removed Pin From Net: NetName=IND_LED Pin=MCU1-14
Removed Pin From Net: NetName=GND Pin=MCU1-15
Removed Pin From Net: NetName=3V3 Pin=MCU1-16
Removed Pin From Net: NetName=GND Pin=P1-1
Removed Pin From Net: NetName=3V3 Pin=P1-2
Removed Pin From Net: NetName=3V3 Pin=P1-4
Removed Pin From Net: NetName=GND Pin=Q2-2
Removed Pin From Net: NetName=GND Pin=R_BOOT1-1
Removed Pin From Net: NetName=GND Pin=R_CC1-2
Removed Pin From Net: NetName=GND Pin=R_CC2-2
Removed Pin From Net: NetName=GND Pin=R_DIVIDE1-1
Removed Pin From Net: NetName=GND Pin=R_FIRECTL2-1
Removed Pin From Net: NetName=3V3 Pin=SWD-1
Removed Pin From Net: NetName=GND Pin=SWD-3
Removed Pin From Net: NetName=GND Pin=USB1-1
Removed Pin From Net: NetName=GND Pin=USB1-2
Removed Pin From Net: NetName=GND Pin=USB1-A12
Removed Pin From Net: NetName=GND Pin=USB1-B12
Removed Member From Class: ClassName=LPCOSensor3vValve Member=BLE
Removed Member From Class: ClassName=LPCOSensor3vValve Member=C_PWR1
Removed Member From Class: ClassName=LPCOSensor3vValve Member=C_PWR2
Removed Member From Class: ClassName=LPCOSensor3vValve Member=C_PWR4
Removed Member From Class: ClassName=LPCOSensor3vValve Member=C_RST1
Removed Member From Class: ClassName=LPCOSensor3vValve Member=FB_VDDA
Removed Member From Class: ClassName=LPCOSensor3vValve Member=FIRE_EXTINGUISHER
Removed Member From Class: ClassName=LPCOSensor3vValve Member=Liquid
Removed Member From Class: ClassName=LPCOSensor3vValve Member=MCU1
Removed Member From Class: ClassName=LPCOSensor3vValve Member=P1
Removed Member From Class: ClassName=LPCOSensor3vValve Member=Q2
Removed Member From Class: ClassName=LPCOSensor3vValve Member=R_BOOT1
Removed Member From Class: ClassName=LPCOSensor3vValve Member=R_CC1
Removed Member From Class: ClassName=LPCOSensor3vValve Member=R_CC2
Removed Member From Class: ClassName=LPCOSensor3vValve Member=R_DIVIDE1
Removed Member From Class: ClassName=LPCOSensor3vValve Member=R_DIVIDE2
Removed Member From Class: ClassName=LPCOSensor3vValve Member=R_FIRECTL1
Removed Member From Class: ClassName=LPCOSensor3vValve Member=R_FIRECTL2
Removed Member From Class: ClassName=LPCOSensor3vValve Member=SWD
Removed Member From Class: ClassName=LPCOSensor3vValve Member=USB1
Change Class Name : Old Net Name=LPCOSensor3vValve New Net Name=LPCOExtended
Added Room: Name=LPCOExtended
